// Jest Snapshot v1, https://goo.gl/fbAQLP

exports[`renders the Input component correctly 1`] = `
<TextInput
  onChangeText={undefined}
  placeholder={undefined}
  style={
    Object {
      "alignSelf": "stretch",
      "backgroundColor": "white",
      "borderColor": "grey",
      "borderRadius": 5,
      "borderWidth": 1,
      "fontSize": 16,
      "height": 40,
      "justifyContent": "center",
      "marginBottom": 10,
      "marginLeft": 20,
      "marginRight": 20,
      "marginTop": 5,
      "padding": 5,
      "paddingLeft": 10,
    }
  }
  value={undefined}
/>
`;

exports[`renders the LowerContainer component correctly 1`] = `
<View
  style={
    Array [
      Object {
        "alignItems": "stretch",
        "flex": 1,
        "flexDirection": "column",
        "justifyContent": "flex-start",
        "marginBottom": 30,
      },
      undefined,
    ]
  }
/>
`;
